
[oval run] =================================================
[oval run] USER : uberthon
[oval run] HOST : lxplus066.cern.ch
[oval run] run tool: scramv1
[oval run] final instruction: testsuite.sh
[oval run] =================================================

===================> preparing for -5
executing MixingModule -5....
%MSG-i FwkJob: READ_CATALOG:  file:PoolFileCatalog.xml  
       16-Mar-2006 16:41:43 CET pre-events
%MSG-i FwkJob: Input file is about to be opened.  16-Mar-2006 16:41:45 CET 
       pre-events
%MSG-i FwkJob: PFN:  file:data/simevent.root  16-Mar-2006 16:41:45 CET 
       pre-events
file:data/simevent.root   Always Root file version:50800
file:data/simevent.root   Always Root file version:50800
%MSG-i FwkJob: Input file opened successfully.  16-Mar-2006 16:41:47 CET 
       pre-events
%MSG-i FwkJob: READ_CATALOG:  file:PoolFileCatalog.xml  
       16-Mar-2006 16:41:49 CET pre-events
%MSG-i FwkJob: Input file is about to be opened.  16-Mar-2006 16:41:49 CET 
       pre-events
%MSG-i FwkJob: PFN:  file:data/simevent.root  16-Mar-2006 16:41:49 CET 
       pre-events
%MSG-i FwkJob: Input file opened successfully.  16-Mar-2006 16:41:49 CET 
       pre-events
%MSG-i Constructor: Adding calo container  CaloHitsTk  for pileup treatment  
       16-Mar-2006 16:41:49 CET pre-events
%MSG-i Constructor: Adding calo container  CastorBU  for pileup treatment  
       16-Mar-2006 16:41:49 CET pre-events
%MSG-i Constructor: Adding calo container  CastorFI  for pileup treatment  
       16-Mar-2006 16:41:49 CET pre-events
%MSG-i Constructor: Adding calo container  CastorPL  for pileup treatment  
       16-Mar-2006 16:41:49 CET pre-events
%MSG-i Constructor: Adding calo container  CastorTU  for pileup treatment  
       16-Mar-2006 16:41:49 CET pre-events
%MSG-i Constructor: Adding calo container  EcalHitsEB  for pileup treatment  
       16-Mar-2006 16:41:49 CET pre-events
%MSG-i Constructor: Adding calo container  EcalHitsEE  for pileup treatment  
       16-Mar-2006 16:41:49 CET pre-events
%MSG-i Constructor: Adding calo container  EcalHitsES  for pileup treatment  
       16-Mar-2006 16:41:49 CET pre-events
%MSG-i Constructor: Adding calo container  HcalHits  for pileup treatment  
       16-Mar-2006 16:41:49 CET pre-events
%MSG-i Constructor: Adding simhit container  MuonCSCHits ,productID   13 
        for pileup treatment  16-Mar-2006 16:41:49 CET pre-events
%MSG-i Constructor: Adding simhit container  MuonDTHits ,productID   14 
        for pileup treatment  16-Mar-2006 16:41:49 CET pre-events
%MSG-i Constructor: Adding simhit container  MuonRPCHits ,productID   15 
        for pileup treatment  16-Mar-2006 16:41:49 CET pre-events
%MSG-i Constructor: Adding container  TrackerHitsPixelBarrelLowTof ,productID  
       17  for pileup treatment  16-Mar-2006 16:41:49 CET pre-events
%MSG-i Constructor: Adding container  TrackerHitsPixelEndcapLowTof ,productID  
       19  for pileup treatment  16-Mar-2006 16:41:49 CET pre-events
%MSG-i Constructor: Adding container  TrackerHitsTECLowTof ,productID  21 
        for pileup treatment  16-Mar-2006 16:41:49 CET pre-events
%MSG-i Constructor: Adding container  TrackerHitsTIBLowTof ,productID  23 
        for pileup treatment  16-Mar-2006 16:41:49 CET pre-events
%MSG-i Constructor: Adding container  TrackerHitsTIDLowTof ,productID  25 
        for pileup treatment  16-Mar-2006 16:41:49 CET pre-events
%MSG-i Constructor: Adding container  TrackerHitsTOBLowTof ,productID  27 
        for pileup treatment  16-Mar-2006 16:41:49 CET pre-events
%MSG-i FwkJob: WRITE_CATALOG:  file:PoolFileCatalog.xml  
       16-Mar-2006 16:41:49 CET pre-events
%MSG-i FwkJob: Output file is about to be opened.  16-Mar-2006 16:41:49 CET 
       pre-events
%MSG-i FwkJob: PFN:  file:Cum_-5.root  16-Mar-2006 16:41:49 CET pre-events
file:Cum_-5.root   Always Root file version:50800
%MSG-i FwkJob: Output file opened successfully.  16-Mar-2006 16:41:49 CET 
       pre-events
creating histos -5 ...
%MSG-i FwkJob: READ_CATALOG:  file:PoolFileCatalog.xml  
       16-Mar-2006 16:41:54 CET pre-events
%MSG-i FwkJob: Input file is about to be opened.  16-Mar-2006 16:41:56 CET 
       pre-events
%MSG-i FwkJob: PFN:  file:Cum_-5.root  16-Mar-2006 16:41:56 CET pre-events
file:Cum_-5.root   Always Root file version:50800
%MSG-i FwkJob: Input file opened successfully.  16-Mar-2006 16:42:00 CET 
       pre-events
Constructed testSuite , bunchcr -5 filename: histos.root
[OVAL] Mean of track pileup histo (bcrossings) 0
[OVAL] Mean of track signal histo (bcrossings) -5
[OVAL] Mean of track pileup histo (vtx indices) 50
[OVAL] Mean of track signal histo (vtx indices) 50
[OVAL] Mean of vertex pileup histo (bcrossings) 0
[OVAL] Mean of vertex signal histo (bcrossings) -5
[OVAL] Mean of vertex pileup histo (track indices) 41
[OVAL] Mean of vertex signal histo (track indices) 41
[OVAL] Mean of tracker pileup histo (ToF) 29.1149
[OVAL] Mean of tracker signal histo (ToF) 0
 No signal for subdetector EcalHitsEB
[OVAL] Mean of Ecal pileup histo (ToF) 0, sigma: 0
[OVAL] Mean of Ecal signal histo (ToF) 0, sigma: 0
[OVAL] Mean of Hcal pileup histo (ToF) 37.5155, sigma: 1.39875
[OVAL] Mean of Hcal signal histo (ToF) -87.4845, sigma: 1.39875

===================> preparing for -4
executing MixingModule -4....
%MSG-i FwkJob: READ_CATALOG:  file:PoolFileCatalog.xml  
       16-Mar-2006 16:42:07 CET pre-events
%MSG-i FwkJob: Input file is about to be opened.  16-Mar-2006 16:42:08 CET 
       pre-events
%MSG-i FwkJob: PFN:  file:data/simevent.root  16-Mar-2006 16:42:08 CET 
       pre-events
file:data/simevent.root   Always Root file version:50800
file:data/simevent.root   Always Root file version:50800
%MSG-i FwkJob: Input file opened successfully.  16-Mar-2006 16:42:11 CET 
       pre-events
%MSG-i FwkJob: READ_CATALOG:  file:PoolFileCatalog.xml  
       16-Mar-2006 16:42:12 CET pre-events
%MSG-i FwkJob: Input file is about to be opened.  16-Mar-2006 16:42:12 CET 
       pre-events
%MSG-i FwkJob: PFN:  file:data/simevent.root  16-Mar-2006 16:42:12 CET 
       pre-events
%MSG-i FwkJob: Input file opened successfully.  16-Mar-2006 16:42:12 CET 
       pre-events
%MSG-i Constructor: Adding calo container  CaloHitsTk  for pileup treatment  
       16-Mar-2006 16:42:12 CET pre-events
%MSG-i Constructor: Adding calo container  CastorBU  for pileup treatment  
       16-Mar-2006 16:42:12 CET pre-events
%MSG-i Constructor: Adding calo container  CastorFI  for pileup treatment  
       16-Mar-2006 16:42:12 CET pre-events
%MSG-i Constructor: Adding calo container  CastorPL  for pileup treatment  
       16-Mar-2006 16:42:12 CET pre-events
%MSG-i Constructor: Adding calo container  CastorTU  for pileup treatment  
       16-Mar-2006 16:42:12 CET pre-events
%MSG-i Constructor: Adding calo container  EcalHitsEB  for pileup treatment  
       16-Mar-2006 16:42:12 CET pre-events
%MSG-i Constructor: Adding calo container  EcalHitsEE  for pileup treatment  
       16-Mar-2006 16:42:12 CET pre-events
%MSG-i Constructor: Adding calo container  EcalHitsES  for pileup treatment  
       16-Mar-2006 16:42:12 CET pre-events
%MSG-i Constructor: Adding calo container  HcalHits  for pileup treatment  
       16-Mar-2006 16:42:12 CET pre-events
%MSG-i Constructor: Adding simhit container  MuonCSCHits ,productID   13 
        for pileup treatment  16-Mar-2006 16:42:12 CET pre-events
%MSG-i Constructor: Adding simhit container  MuonDTHits ,productID   14 
        for pileup treatment  16-Mar-2006 16:42:12 CET pre-events
%MSG-i Constructor: Adding simhit container  MuonRPCHits ,productID   15 
        for pileup treatment  16-Mar-2006 16:42:12 CET pre-events
%MSG-i Constructor: Adding container  TrackerHitsPixelBarrelLowTof ,productID  
       17  for pileup treatment  16-Mar-2006 16:42:12 CET pre-events
%MSG-i Constructor: Adding container  TrackerHitsPixelEndcapLowTof ,productID  
       19  for pileup treatment  16-Mar-2006 16:42:12 CET pre-events
%MSG-i Constructor: Adding container  TrackerHitsTECLowTof ,productID  21 
        for pileup treatment  16-Mar-2006 16:42:12 CET pre-events
%MSG-i Constructor: Adding container  TrackerHitsTIBLowTof ,productID  23 
        for pileup treatment  16-Mar-2006 16:42:12 CET pre-events
%MSG-i Constructor: Adding container  TrackerHitsTIDLowTof ,productID  25 
        for pileup treatment  16-Mar-2006 16:42:12 CET pre-events
%MSG-i Constructor: Adding container  TrackerHitsTOBLowTof ,productID  27 
        for pileup treatment  16-Mar-2006 16:42:12 CET pre-events
%MSG-i FwkJob: WRITE_CATALOG:  file:PoolFileCatalog.xml  
       16-Mar-2006 16:42:12 CET pre-events
%MSG-i FwkJob: Output file is about to be opened.  16-Mar-2006 16:42:12 CET 
       pre-events
%MSG-i FwkJob: PFN:  file:Cum_-4.root  16-Mar-2006 16:42:12 CET pre-events
file:Cum_-4.root   Always Root file version:50800
%MSG-i FwkJob: Output file opened successfully.  16-Mar-2006 16:42:12 CET 
       pre-events
creating histos -4 ...
%MSG-i FwkJob: READ_CATALOG:  file:PoolFileCatalog.xml  
       16-Mar-2006 16:42:18 CET pre-events
%MSG-i FwkJob: Input file is about to be opened.  16-Mar-2006 16:42:19 CET 
       pre-events
%MSG-i FwkJob: PFN:  file:Cum_-4.root  16-Mar-2006 16:42:19 CET pre-events
file:Cum_-4.root   Always Root file version:50800
%MSG-i FwkJob: Input file opened successfully.  16-Mar-2006 16:42:22 CET 
       pre-events
Constructed testSuite , bunchcr -4 filename: histos.root
[OVAL] Mean of track pileup histo (bcrossings) 0
[OVAL] Mean of track signal histo (bcrossings) -4
[OVAL] Mean of track pileup histo (vtx indices) 50
[OVAL] Mean of track signal histo (vtx indices) 50
[OVAL] Mean of vertex pileup histo (bcrossings) 0
[OVAL] Mean of vertex signal histo (bcrossings) -4
[OVAL] Mean of vertex pileup histo (track indices) 41
[OVAL] Mean of vertex signal histo (track indices) 41
[OVAL] Mean of tracker pileup histo (ToF) 29.1149
[OVAL] Mean of tracker signal histo (ToF) 0
 No signal for subdetector EcalHitsEB
[OVAL] Mean of Ecal pileup histo (ToF) 0, sigma: 0
[OVAL] Mean of Ecal signal histo (ToF) 0, sigma: 0
[OVAL] Mean of Hcal pileup histo (ToF) 37.5155, sigma: 1.39875
[OVAL] Mean of Hcal signal histo (ToF) -62.4845, sigma: 1.39875

===================> preparing for -3
executing MixingModule -3....
%MSG-i FwkJob: READ_CATALOG:  file:PoolFileCatalog.xml  
       16-Mar-2006 16:42:28 CET pre-events
%MSG-i FwkJob: Input file is about to be opened.  16-Mar-2006 16:42:29 CET 
       pre-events
%MSG-i FwkJob: PFN:  file:data/simevent.root  16-Mar-2006 16:42:29 CET 
       pre-events
file:data/simevent.root   Always Root file version:50800
file:data/simevent.root   Always Root file version:50800
%MSG-i FwkJob: Input file opened successfully.  16-Mar-2006 16:42:32 CET 
       pre-events
%MSG-i FwkJob: READ_CATALOG:  file:PoolFileCatalog.xml  
       16-Mar-2006 16:42:33 CET pre-events
%MSG-i FwkJob: Input file is about to be opened.  16-Mar-2006 16:42:33 CET 
       pre-events
%MSG-i FwkJob: PFN:  file:data/simevent.root  16-Mar-2006 16:42:33 CET 
       pre-events
%MSG-i FwkJob: Input file opened successfully.  16-Mar-2006 16:42:33 CET 
       pre-events
%MSG-i Constructor: Adding calo container  CaloHitsTk  for pileup treatment  
       16-Mar-2006 16:42:33 CET pre-events
%MSG-i Constructor: Adding calo container  CastorBU  for pileup treatment  
       16-Mar-2006 16:42:33 CET pre-events
%MSG-i Constructor: Adding calo container  CastorFI  for pileup treatment  
       16-Mar-2006 16:42:33 CET pre-events
%MSG-i Constructor: Adding calo container  CastorPL  for pileup treatment  
       16-Mar-2006 16:42:33 CET pre-events
%MSG-i Constructor: Adding calo container  CastorTU  for pileup treatment  
       16-Mar-2006 16:42:33 CET pre-events
%MSG-i Constructor: Adding calo container  EcalHitsEB  for pileup treatment  
       16-Mar-2006 16:42:33 CET pre-events
%MSG-i Constructor: Adding calo container  EcalHitsEE  for pileup treatment  
       16-Mar-2006 16:42:33 CET pre-events
%MSG-i Constructor: Adding calo container  EcalHitsES  for pileup treatment  
       16-Mar-2006 16:42:33 CET pre-events
%MSG-i Constructor: Adding calo container  HcalHits  for pileup treatment  
       16-Mar-2006 16:42:33 CET pre-events
%MSG-i Constructor: Adding simhit container  MuonCSCHits ,productID   13 
        for pileup treatment  16-Mar-2006 16:42:33 CET pre-events
%MSG-i Constructor: Adding simhit container  MuonDTHits ,productID   14 
        for pileup treatment  16-Mar-2006 16:42:33 CET pre-events
%MSG-i Constructor: Adding simhit container  MuonRPCHits ,productID   15 
        for pileup treatment  16-Mar-2006 16:42:33 CET pre-events
%MSG-i Constructor: Adding container  TrackerHitsPixelBarrelLowTof ,productID  
       17  for pileup treatment  16-Mar-2006 16:42:33 CET pre-events
%MSG-i Constructor: Adding container  TrackerHitsPixelEndcapLowTof ,productID  
       19  for pileup treatment  16-Mar-2006 16:42:33 CET pre-events
%MSG-i Constructor: Adding container  TrackerHitsTECLowTof ,productID  21 
        for pileup treatment  16-Mar-2006 16:42:33 CET pre-events
%MSG-i Constructor: Adding container  TrackerHitsTIBLowTof ,productID  23 
        for pileup treatment  16-Mar-2006 16:42:33 CET pre-events
%MSG-i Constructor: Adding container  TrackerHitsTIDLowTof ,productID  25 
        for pileup treatment  16-Mar-2006 16:42:33 CET pre-events
%MSG-i Constructor: Adding container  TrackerHitsTOBLowTof ,productID  27 
        for pileup treatment  16-Mar-2006 16:42:33 CET pre-events
%MSG-i FwkJob: WRITE_CATALOG:  file:PoolFileCatalog.xml  
       16-Mar-2006 16:42:33 CET pre-events
%MSG-i FwkJob: Output file is about to be opened.  16-Mar-2006 16:42:33 CET 
       pre-events
%MSG-i FwkJob: PFN:  file:Cum_-3.root  16-Mar-2006 16:42:33 CET pre-events
file:Cum_-3.root   Always Root file version:50800
%MSG-i FwkJob: Output file opened successfully.  16-Mar-2006 16:42:33 CET 
       pre-events
creating histos -3 ...
%MSG-i FwkJob: READ_CATALOG:  file:PoolFileCatalog.xml  
       16-Mar-2006 16:42:39 CET pre-events
%MSG-i FwkJob: Input file is about to be opened.  16-Mar-2006 16:42:40 CET 
       pre-events
%MSG-i FwkJob: PFN:  file:Cum_-3.root  16-Mar-2006 16:42:40 CET pre-events
file:Cum_-3.root   Always Root file version:50800
%MSG-i FwkJob: Input file opened successfully.  16-Mar-2006 16:42:43 CET 
       pre-events
Constructed testSuite , bunchcr -3 filename: histos.root
[OVAL] Mean of track pileup histo (bcrossings) 0
[OVAL] Mean of track signal histo (bcrossings) -3
[OVAL] Mean of track pileup histo (vtx indices) 50
[OVAL] Mean of track signal histo (vtx indices) 50
[OVAL] Mean of vertex pileup histo (bcrossings) 0
[OVAL] Mean of vertex signal histo (bcrossings) -3
[OVAL] Mean of vertex pileup histo (track indices) 41
[OVAL] Mean of vertex signal histo (track indices) 41
[OVAL] Mean of tracker pileup histo (ToF) 29.1149
[OVAL] Mean of tracker signal histo (ToF) 0
 No signal for subdetector EcalHitsEB
[OVAL] Mean of Ecal pileup histo (ToF) 0, sigma: 0
[OVAL] Mean of Ecal signal histo (ToF) 0, sigma: 0
[OVAL] Mean of Hcal pileup histo (ToF) 37.5155, sigma: 1.39875
[OVAL] Mean of Hcal signal histo (ToF) -37.4845, sigma: 1.39875

===================> preparing for -2
executing MixingModule -2....
%MSG-i FwkJob: READ_CATALOG:  file:PoolFileCatalog.xml  
       16-Mar-2006 16:42:49 CET pre-events
%MSG-i FwkJob: Input file is about to be opened.  16-Mar-2006 16:42:50 CET 
       pre-events
%MSG-i FwkJob: PFN:  file:data/simevent.root  16-Mar-2006 16:42:50 CET 
       pre-events
file:data/simevent.root   Always Root file version:50800
file:data/simevent.root   Always Root file version:50800
%MSG-i FwkJob: Input file opened successfully.  16-Mar-2006 16:42:53 CET 
       pre-events
%MSG-i FwkJob: READ_CATALOG:  file:PoolFileCatalog.xml  
       16-Mar-2006 16:42:55 CET pre-events
%MSG-i FwkJob: Input file is about to be opened.  16-Mar-2006 16:42:55 CET 
       pre-events
%MSG-i FwkJob: PFN:  file:data/simevent.root  16-Mar-2006 16:42:55 CET 
       pre-events
%MSG-i FwkJob: Input file opened successfully.  16-Mar-2006 16:42:55 CET 
       pre-events
%MSG-i Constructor: Adding calo container  CaloHitsTk  for pileup treatment  
       16-Mar-2006 16:42:55 CET pre-events
%MSG-i Constructor: Adding calo container  CastorBU  for pileup treatment  
       16-Mar-2006 16:42:55 CET pre-events
%MSG-i Constructor: Adding calo container  CastorFI  for pileup treatment  
       16-Mar-2006 16:42:55 CET pre-events
%MSG-i Constructor: Adding calo container  CastorPL  for pileup treatment  
       16-Mar-2006 16:42:55 CET pre-events
%MSG-i Constructor: Adding calo container  CastorTU  for pileup treatment  
       16-Mar-2006 16:42:55 CET pre-events
%MSG-i Constructor: Adding calo container  EcalHitsEB  for pileup treatment  
       16-Mar-2006 16:42:55 CET pre-events
%MSG-i Constructor: Adding calo container  EcalHitsEE  for pileup treatment  
       16-Mar-2006 16:42:55 CET pre-events
%MSG-i Constructor: Adding calo container  EcalHitsES  for pileup treatment  
       16-Mar-2006 16:42:55 CET pre-events
%MSG-i Constructor: Adding calo container  HcalHits  for pileup treatment  
       16-Mar-2006 16:42:55 CET pre-events
%MSG-i Constructor: Adding simhit container  MuonCSCHits ,productID   13 
        for pileup treatment  16-Mar-2006 16:42:55 CET pre-events
%MSG-i Constructor: Adding simhit container  MuonDTHits ,productID   14 
        for pileup treatment  16-Mar-2006 16:42:55 CET pre-events
%MSG-i Constructor: Adding simhit container  MuonRPCHits ,productID   15 
        for pileup treatment  16-Mar-2006 16:42:55 CET pre-events
%MSG-i Constructor: Adding container  TrackerHitsPixelBarrelLowTof ,productID  
       17  for pileup treatment  16-Mar-2006 16:42:55 CET pre-events
%MSG-i Constructor: Adding container  TrackerHitsPixelEndcapLowTof ,productID  
       19  for pileup treatment  16-Mar-2006 16:42:55 CET pre-events
%MSG-i Constructor: Adding container  TrackerHitsTECLowTof ,productID  21 
        for pileup treatment  16-Mar-2006 16:42:55 CET pre-events
%MSG-i Constructor: Adding container  TrackerHitsTIBLowTof ,productID  23 
        for pileup treatment  16-Mar-2006 16:42:55 CET pre-events
%MSG-i Constructor: Adding container  TrackerHitsTIDLowTof ,productID  25 
        for pileup treatment  16-Mar-2006 16:42:55 CET pre-events
%MSG-i Constructor: Adding container  TrackerHitsTOBLowTof ,productID  27 
        for pileup treatment  16-Mar-2006 16:42:55 CET pre-events
%MSG-i FwkJob: WRITE_CATALOG:  file:PoolFileCatalog.xml  
       16-Mar-2006 16:42:55 CET pre-events
%MSG-i FwkJob: Output file is about to be opened.  16-Mar-2006 16:42:55 CET 
       pre-events
%MSG-i FwkJob: PFN:  file:Cum_-2.root  16-Mar-2006 16:42:55 CET pre-events
file:Cum_-2.root   Always Root file version:50800
%MSG-i FwkJob: Output file opened successfully.  16-Mar-2006 16:42:55 CET 
       pre-events
creating histos -2 ...
%MSG-i FwkJob: READ_CATALOG:  file:PoolFileCatalog.xml  
       16-Mar-2006 16:43:00 CET pre-events
%MSG-i FwkJob: Input file is about to be opened.  16-Mar-2006 16:43:01 CET 
       pre-events
%MSG-i FwkJob: PFN:  file:Cum_-2.root  16-Mar-2006 16:43:01 CET pre-events
file:Cum_-2.root   Always Root file version:50800
%MSG-i FwkJob: Input file opened successfully.  16-Mar-2006 16:43:05 CET 
       pre-events
Constructed testSuite , bunchcr -2 filename: histos.root
[OVAL] Mean of track pileup histo (bcrossings) 0
[OVAL] Mean of track signal histo (bcrossings) -2
[OVAL] Mean of track pileup histo (vtx indices) 50
[OVAL] Mean of track signal histo (vtx indices) 50
[OVAL] Mean of vertex pileup histo (bcrossings) 0
[OVAL] Mean of vertex signal histo (bcrossings) -2
[OVAL] Mean of vertex pileup histo (track indices) 41
[OVAL] Mean of vertex signal histo (track indices) 41
[OVAL] Mean of tracker pileup histo (ToF) 29.1149
[OVAL] Mean of tracker signal histo (ToF) -20.8851
 No signal for subdetector EcalHitsEB
[OVAL] Mean of Ecal pileup histo (ToF) 0, sigma: 0
[OVAL] Mean of Ecal signal histo (ToF) 0, sigma: 0
[OVAL] Mean of Hcal pileup histo (ToF) 37.5155, sigma: 1.39875
[OVAL] Mean of Hcal signal histo (ToF) -12.4845, sigma: 1.39875

===================> preparing for -1
executing MixingModule -1....
%MSG-i FwkJob: READ_CATALOG:  file:PoolFileCatalog.xml  
       16-Mar-2006 16:43:12 CET pre-events
%MSG-i FwkJob: Input file is about to be opened.  16-Mar-2006 16:43:13 CET 
       pre-events
%MSG-i FwkJob: PFN:  file:data/simevent.root  16-Mar-2006 16:43:13 CET 
       pre-events
file:data/simevent.root   Always Root file version:50800
file:data/simevent.root   Always Root file version:50800
%MSG-i FwkJob: Input file opened successfully.  16-Mar-2006 16:43:16 CET 
       pre-events
%MSG-i FwkJob: READ_CATALOG:  file:PoolFileCatalog.xml  
       16-Mar-2006 16:43:17 CET pre-events
%MSG-i FwkJob: Input file is about to be opened.  16-Mar-2006 16:43:17 CET 
       pre-events
%MSG-i FwkJob: PFN:  file:data/simevent.root  16-Mar-2006 16:43:17 CET 
       pre-events
%MSG-i FwkJob: Input file opened successfully.  16-Mar-2006 16:43:17 CET 
       pre-events
%MSG-i Constructor: Adding calo container  CaloHitsTk  for pileup treatment  
       16-Mar-2006 16:43:17 CET pre-events
%MSG-i Constructor: Adding calo container  CastorBU  for pileup treatment  
       16-Mar-2006 16:43:17 CET pre-events
%MSG-i Constructor: Adding calo container  CastorFI  for pileup treatment  
       16-Mar-2006 16:43:17 CET pre-events
%MSG-i Constructor: Adding calo container  CastorPL  for pileup treatment  
       16-Mar-2006 16:43:17 CET pre-events
%MSG-i Constructor: Adding calo container  CastorTU  for pileup treatment  
       16-Mar-2006 16:43:17 CET pre-events
%MSG-i Constructor: Adding calo container  EcalHitsEB  for pileup treatment  
       16-Mar-2006 16:43:17 CET pre-events
%MSG-i Constructor: Adding calo container  EcalHitsEE  for pileup treatment  
       16-Mar-2006 16:43:17 CET pre-events
%MSG-i Constructor: Adding calo container  EcalHitsES  for pileup treatment  
       16-Mar-2006 16:43:17 CET pre-events
%MSG-i Constructor: Adding calo container  HcalHits  for pileup treatment  
       16-Mar-2006 16:43:17 CET pre-events
%MSG-i Constructor: Adding simhit container  MuonCSCHits ,productID   13 
        for pileup treatment  16-Mar-2006 16:43:17 CET pre-events
%MSG-i Constructor: Adding simhit container  MuonDTHits ,productID   14 
        for pileup treatment  16-Mar-2006 16:43:17 CET pre-events
%MSG-i Constructor: Adding simhit container  MuonRPCHits ,productID   15 
        for pileup treatment  16-Mar-2006 16:43:17 CET pre-events
%MSG-i Constructor: Adding container  TrackerHitsPixelBarrelLowTof ,productID  
       17  for pileup treatment  16-Mar-2006 16:43:17 CET pre-events
%MSG-i Constructor: Adding container  TrackerHitsPixelEndcapLowTof ,productID  
       19  for pileup treatment  16-Mar-2006 16:43:17 CET pre-events
%MSG-i Constructor: Adding container  TrackerHitsTECLowTof ,productID  21 
        for pileup treatment  16-Mar-2006 16:43:17 CET pre-events
%MSG-i Constructor: Adding container  TrackerHitsTIBLowTof ,productID  23 
        for pileup treatment  16-Mar-2006 16:43:17 CET pre-events
%MSG-i Constructor: Adding container  TrackerHitsTIDLowTof ,productID  25 
        for pileup treatment  16-Mar-2006 16:43:17 CET pre-events
%MSG-i Constructor: Adding container  TrackerHitsTOBLowTof ,productID  27 
        for pileup treatment  16-Mar-2006 16:43:17 CET pre-events
%MSG-i FwkJob: WRITE_CATALOG:  file:PoolFileCatalog.xml  
       16-Mar-2006 16:43:17 CET pre-events
%MSG-i FwkJob: Output file is about to be opened.  16-Mar-2006 16:43:17 CET 
       pre-events
%MSG-i FwkJob: PFN:  file:Cum_-1.root  16-Mar-2006 16:43:17 CET pre-events
file:Cum_-1.root   Always Root file version:50800
%MSG-i FwkJob: Output file opened successfully.  16-Mar-2006 16:43:17 CET 
       pre-events
creating histos -1 ...
%MSG-i FwkJob: READ_CATALOG:  file:PoolFileCatalog.xml  
       16-Mar-2006 16:43:23 CET pre-events
%MSG-i FwkJob: Input file is about to be opened.  16-Mar-2006 16:43:24 CET 
       pre-events
%MSG-i FwkJob: PFN:  file:Cum_-1.root  16-Mar-2006 16:43:24 CET pre-events
file:Cum_-1.root   Always Root file version:50800
%MSG-i FwkJob: Input file opened successfully.  16-Mar-2006 16:43:27 CET 
       pre-events
Constructed testSuite , bunchcr -1 filename: histos.root
[OVAL] Mean of track pileup histo (bcrossings) 0
[OVAL] Mean of track signal histo (bcrossings) -1
[OVAL] Mean of track pileup histo (vtx indices) 50
[OVAL] Mean of track signal histo (vtx indices) 50
[OVAL] Mean of vertex pileup histo (bcrossings) 0
[OVAL] Mean of vertex signal histo (bcrossings) -1
[OVAL] Mean of vertex pileup histo (track indices) 41
[OVAL] Mean of vertex signal histo (track indices) 41
[OVAL] Mean of tracker pileup histo (ToF) 29.1149
[OVAL] Mean of tracker signal histo (ToF) 4.11491
 No signal for subdetector EcalHitsEB
[OVAL] Mean of Ecal pileup histo (ToF) 0, sigma: 0
[OVAL] Mean of Ecal signal histo (ToF) 0, sigma: 0
[OVAL] Mean of Hcal pileup histo (ToF) 37.5155, sigma: 1.39875
[OVAL] Mean of Hcal signal histo (ToF) 12.5155, sigma: 1.39875

===================> preparing for 0
executing MixingModule 0....
%MSG-i FwkJob: READ_CATALOG:  file:PoolFileCatalog.xml  
       16-Mar-2006 16:43:33 CET pre-events
%MSG-i FwkJob: Input file is about to be opened.  16-Mar-2006 16:43:34 CET 
       pre-events
%MSG-i FwkJob: PFN:  file:data/simevent.root  16-Mar-2006 16:43:34 CET 
       pre-events
file:data/simevent.root   Always Root file version:50800
file:data/simevent.root   Always Root file version:50800
%MSG-i FwkJob: Input file opened successfully.  16-Mar-2006 16:43:37 CET 
       pre-events
%MSG-i FwkJob: READ_CATALOG:  file:PoolFileCatalog.xml  
       16-Mar-2006 16:43:39 CET pre-events
%MSG-i FwkJob: Input file is about to be opened.  16-Mar-2006 16:43:39 CET 
       pre-events
%MSG-i FwkJob: PFN:  file:data/simevent.root  16-Mar-2006 16:43:39 CET 
       pre-events
%MSG-i FwkJob: Input file opened successfully.  16-Mar-2006 16:43:39 CET 
       pre-events
%MSG-i Constructor: Adding calo container  CaloHitsTk  for pileup treatment  
       16-Mar-2006 16:43:39 CET pre-events
%MSG-i Constructor: Adding calo container  CastorBU  for pileup treatment  
       16-Mar-2006 16:43:39 CET pre-events
%MSG-i Constructor: Adding calo container  CastorFI  for pileup treatment  
       16-Mar-2006 16:43:39 CET pre-events
%MSG-i Constructor: Adding calo container  CastorPL  for pileup treatment  
       16-Mar-2006 16:43:39 CET pre-events
%MSG-i Constructor: Adding calo container  CastorTU  for pileup treatment  
       16-Mar-2006 16:43:39 CET pre-events
%MSG-i Constructor: Adding calo container  EcalHitsEB  for pileup treatment  
       16-Mar-2006 16:43:39 CET pre-events
%MSG-i Constructor: Adding calo container  EcalHitsEE  for pileup treatment  
       16-Mar-2006 16:43:39 CET pre-events
%MSG-i Constructor: Adding calo container  EcalHitsES  for pileup treatment  
       16-Mar-2006 16:43:39 CET pre-events
%MSG-i Constructor: Adding calo container  HcalHits  for pileup treatment  
       16-Mar-2006 16:43:39 CET pre-events
%MSG-i Constructor: Adding simhit container  MuonCSCHits ,productID   13 
        for pileup treatment  16-Mar-2006 16:43:39 CET pre-events
%MSG-i Constructor: Adding simhit container  MuonDTHits ,productID   14 
        for pileup treatment  16-Mar-2006 16:43:39 CET pre-events
%MSG-i Constructor: Adding simhit container  MuonRPCHits ,productID   15 
        for pileup treatment  16-Mar-2006 16:43:39 CET pre-events
%MSG-i Constructor: Adding container  TrackerHitsPixelBarrelLowTof ,productID  
       17  for pileup treatment  16-Mar-2006 16:43:39 CET pre-events
%MSG-i Constructor: Adding container  TrackerHitsPixelEndcapLowTof ,productID  
       19  for pileup treatment  16-Mar-2006 16:43:39 CET pre-events
%MSG-i Constructor: Adding container  TrackerHitsTECLowTof ,productID  21 
        for pileup treatment  16-Mar-2006 16:43:39 CET pre-events
%MSG-i Constructor: Adding container  TrackerHitsTIBLowTof ,productID  23 
        for pileup treatment  16-Mar-2006 16:43:39 CET pre-events
%MSG-i Constructor: Adding container  TrackerHitsTIDLowTof ,productID  25 
        for pileup treatment  16-Mar-2006 16:43:39 CET pre-events
%MSG-i Constructor: Adding container  TrackerHitsTOBLowTof ,productID  27 
        for pileup treatment  16-Mar-2006 16:43:39 CET pre-events
%MSG-i FwkJob: WRITE_CATALOG:  file:PoolFileCatalog.xml  
       16-Mar-2006 16:43:39 CET pre-events
%MSG-i FwkJob: Output file is about to be opened.  16-Mar-2006 16:43:39 CET 
       pre-events
%MSG-i FwkJob: PFN:  file:Cum_0.root  16-Mar-2006 16:43:39 CET pre-events
file:Cum_0.root   Always Root file version:50800
%MSG-i FwkJob: Output file opened successfully.  16-Mar-2006 16:43:39 CET 
       pre-events
creating histos 0 ...
%MSG-i FwkJob: READ_CATALOG:  file:PoolFileCatalog.xml  
       16-Mar-2006 16:43:45 CET pre-events
%MSG-i FwkJob: Input file is about to be opened.  16-Mar-2006 16:43:46 CET 
       pre-events
%MSG-i FwkJob: PFN:  file:Cum_0.root  16-Mar-2006 16:43:46 CET pre-events
file:Cum_0.root   Always Root file version:50800
%MSG-i FwkJob: Input file opened successfully.  16-Mar-2006 16:43:49 CET 
       pre-events
Constructed testSuite , bunchcr 0 filename: histos.root
[OVAL] Mean of track pileup histo (bcrossings) 0
[OVAL] Mean of track signal histo (bcrossings) 0
[OVAL] Mean of track pileup histo (vtx indices) 50
[OVAL] Mean of track signal histo (vtx indices) 50
[OVAL] Mean of vertex pileup histo (bcrossings) 0
[OVAL] Mean of vertex signal histo (bcrossings) 0
[OVAL] Mean of vertex pileup histo (track indices) 41
[OVAL] Mean of vertex signal histo (track indices) 41
[OVAL] Mean of tracker pileup histo (ToF) 29.1149
[OVAL] Mean of tracker signal histo (ToF) 29.1149
 No signal for subdetector EcalHitsEB
[OVAL] Mean of Ecal pileup histo (ToF) 0, sigma: 0
[OVAL] Mean of Ecal signal histo (ToF) 0, sigma: 0
[OVAL] Mean of Hcal pileup histo (ToF) 37.5155, sigma: 1.39875
[OVAL] Mean of Hcal signal histo (ToF) 37.5155, sigma: 1.39875

===================> preparing for 1
executing MixingModule 1....
%MSG-i FwkJob: READ_CATALOG:  file:PoolFileCatalog.xml  
       16-Mar-2006 16:43:57 CET pre-events
%MSG-i FwkJob: Input file is about to be opened.  16-Mar-2006 16:43:59 CET 
       pre-events
%MSG-i FwkJob: PFN:  file:data/simevent.root  16-Mar-2006 16:43:59 CET 
       pre-events
file:data/simevent.root   Always Root file version:50800
file:data/simevent.root   Always Root file version:50800
%MSG-i FwkJob: Input file opened successfully.  16-Mar-2006 16:44:02 CET 
       pre-events
%MSG-i FwkJob: READ_CATALOG:  file:PoolFileCatalog.xml  
       16-Mar-2006 16:44:03 CET pre-events
%MSG-i FwkJob: Input file is about to be opened.  16-Mar-2006 16:44:04 CET 
       pre-events
%MSG-i FwkJob: PFN:  file:data/simevent.root  16-Mar-2006 16:44:04 CET 
       pre-events
%MSG-i FwkJob: Input file opened successfully.  16-Mar-2006 16:44:04 CET 
       pre-events
%MSG-i Constructor: Adding calo container  CaloHitsTk  for pileup treatment  
       16-Mar-2006 16:44:04 CET pre-events
%MSG-i Constructor: Adding calo container  CastorBU  for pileup treatment  
       16-Mar-2006 16:44:04 CET pre-events
%MSG-i Constructor: Adding calo container  CastorFI  for pileup treatment  
       16-Mar-2006 16:44:04 CET pre-events
%MSG-i Constructor: Adding calo container  CastorPL  for pileup treatment  
       16-Mar-2006 16:44:04 CET pre-events
%MSG-i Constructor: Adding calo container  CastorTU  for pileup treatment  
       16-Mar-2006 16:44:04 CET pre-events
%MSG-i Constructor: Adding calo container  EcalHitsEB  for pileup treatment  
       16-Mar-2006 16:44:04 CET pre-events
%MSG-i Constructor: Adding calo container  EcalHitsEE  for pileup treatment  
       16-Mar-2006 16:44:04 CET pre-events
%MSG-i Constructor: Adding calo container  EcalHitsES  for pileup treatment  
       16-Mar-2006 16:44:04 CET pre-events
%MSG-i Constructor: Adding calo container  HcalHits  for pileup treatment  
       16-Mar-2006 16:44:04 CET pre-events
%MSG-i Constructor: Adding simhit container  MuonCSCHits ,productID   13 
        for pileup treatment  16-Mar-2006 16:44:04 CET pre-events
%MSG-i Constructor: Adding simhit container  MuonDTHits ,productID   14 
        for pileup treatment  16-Mar-2006 16:44:04 CET pre-events
%MSG-i Constructor: Adding simhit container  MuonRPCHits ,productID   15 
        for pileup treatment  16-Mar-2006 16:44:04 CET pre-events
%MSG-i Constructor: Adding container  TrackerHitsPixelBarrelLowTof ,productID  
       17  for pileup treatment  16-Mar-2006 16:44:04 CET pre-events
%MSG-i Constructor: Adding container  TrackerHitsPixelEndcapLowTof ,productID  
       19  for pileup treatment  16-Mar-2006 16:44:04 CET pre-events
%MSG-i Constructor: Adding container  TrackerHitsTECLowTof ,productID  21 
        for pileup treatment  16-Mar-2006 16:44:04 CET pre-events
%MSG-i Constructor: Adding container  TrackerHitsTIBLowTof ,productID  23 
        for pileup treatment  16-Mar-2006 16:44:04 CET pre-events
%MSG-i Constructor: Adding container  TrackerHitsTIDLowTof ,productID  25 
        for pileup treatment  16-Mar-2006 16:44:04 CET pre-events
%MSG-i Constructor: Adding container  TrackerHitsTOBLowTof ,productID  27 
        for pileup treatment  16-Mar-2006 16:44:04 CET pre-events
%MSG-i FwkJob: WRITE_CATALOG:  file:PoolFileCatalog.xml  
       16-Mar-2006 16:44:04 CET pre-events
%MSG-i FwkJob: Output file is about to be opened.  16-Mar-2006 16:44:04 CET 
       pre-events
%MSG-i FwkJob: PFN:  file:Cum_1.root  16-Mar-2006 16:44:04 CET pre-events
file:Cum_1.root   Always Root file version:50800
%MSG-i FwkJob: Output file opened successfully.  16-Mar-2006 16:44:04 CET 
       pre-events
creating histos 1 ...
%MSG-i FwkJob: READ_CATALOG:  file:PoolFileCatalog.xml  
       16-Mar-2006 16:44:10 CET pre-events
%MSG-i FwkJob: Input file is about to be opened.  16-Mar-2006 16:44:11 CET 
       pre-events
%MSG-i FwkJob: PFN:  file:Cum_1.root  16-Mar-2006 16:44:11 CET pre-events
file:Cum_1.root   Always Root file version:50800
%MSG-i FwkJob: Input file opened successfully.  16-Mar-2006 16:44:14 CET 
       pre-events
Constructed testSuite , bunchcr 1 filename: histos.root
[OVAL] Mean of track pileup histo (bcrossings) 0
[OVAL] Mean of track signal histo (bcrossings) 1
[OVAL] Mean of track pileup histo (vtx indices) 50
[OVAL] Mean of track signal histo (vtx indices) 50
[OVAL] Mean of vertex pileup histo (bcrossings) 0
[OVAL] Mean of vertex signal histo (bcrossings) 1
[OVAL] Mean of vertex pileup histo (track indices) 41
[OVAL] Mean of vertex signal histo (track indices) 41
[OVAL] Mean of tracker pileup histo (ToF) 29.1149
[OVAL] Mean of tracker signal histo (ToF) 0
 No signal for subdetector EcalHitsEB
[OVAL] Mean of Ecal pileup histo (ToF) 0, sigma: 0
[OVAL] Mean of Ecal signal histo (ToF) 0, sigma: 0
[OVAL] Mean of Hcal pileup histo (ToF) 37.5155, sigma: 1.39875
[OVAL] Mean of Hcal signal histo (ToF) 62.5155, sigma: 1.39875

===================> preparing for 2
executing MixingModule 2....
%MSG-i FwkJob: READ_CATALOG:  file:PoolFileCatalog.xml  
       16-Mar-2006 16:44:21 CET pre-events
%MSG-i FwkJob: Input file is about to be opened.  16-Mar-2006 16:44:22 CET 
       pre-events
%MSG-i FwkJob: PFN:  file:data/simevent.root  16-Mar-2006 16:44:22 CET 
       pre-events
file:data/simevent.root   Always Root file version:50800
file:data/simevent.root   Always Root file version:50800
%MSG-i FwkJob: Input file opened successfully.  16-Mar-2006 16:44:25 CET 
       pre-events
%MSG-i FwkJob: READ_CATALOG:  file:PoolFileCatalog.xml  
       16-Mar-2006 16:44:26 CET pre-events
%MSG-i FwkJob: Input file is about to be opened.  16-Mar-2006 16:44:26 CET 
       pre-events
%MSG-i FwkJob: PFN:  file:data/simevent.root  16-Mar-2006 16:44:26 CET 
       pre-events
%MSG-i FwkJob: Input file opened successfully.  16-Mar-2006 16:44:26 CET 
       pre-events
%MSG-i Constructor: Adding calo container  CaloHitsTk  for pileup treatment  
       16-Mar-2006 16:44:26 CET pre-events
%MSG-i Constructor: Adding calo container  CastorBU  for pileup treatment  
       16-Mar-2006 16:44:26 CET pre-events
%MSG-i Constructor: Adding calo container  CastorFI  for pileup treatment  
       16-Mar-2006 16:44:26 CET pre-events
%MSG-i Constructor: Adding calo container  CastorPL  for pileup treatment  
       16-Mar-2006 16:44:26 CET pre-events
%MSG-i Constructor: Adding calo container  CastorTU  for pileup treatment  
       16-Mar-2006 16:44:26 CET pre-events
%MSG-i Constructor: Adding calo container  EcalHitsEB  for pileup treatment  
       16-Mar-2006 16:44:26 CET pre-events
%MSG-i Constructor: Adding calo container  EcalHitsEE  for pileup treatment  
       16-Mar-2006 16:44:26 CET pre-events
%MSG-i Constructor: Adding calo container  EcalHitsES  for pileup treatment  
       16-Mar-2006 16:44:26 CET pre-events
%MSG-i Constructor: Adding calo container  HcalHits  for pileup treatment  
       16-Mar-2006 16:44:26 CET pre-events
%MSG-i Constructor: Adding simhit container  MuonCSCHits ,productID   13 
        for pileup treatment  16-Mar-2006 16:44:26 CET pre-events
%MSG-i Constructor: Adding simhit container  MuonDTHits ,productID   14 
        for pileup treatment  16-Mar-2006 16:44:26 CET pre-events
%MSG-i Constructor: Adding simhit container  MuonRPCHits ,productID   15 
        for pileup treatment  16-Mar-2006 16:44:26 CET pre-events
%MSG-i Constructor: Adding container  TrackerHitsPixelBarrelLowTof ,productID  
       17  for pileup treatment  16-Mar-2006 16:44:26 CET pre-events
%MSG-i Constructor: Adding container  TrackerHitsPixelEndcapLowTof ,productID  
       19  for pileup treatment  16-Mar-2006 16:44:26 CET pre-events
%MSG-i Constructor: Adding container  TrackerHitsTECLowTof ,productID  21 
        for pileup treatment  16-Mar-2006 16:44:26 CET pre-events
%MSG-i Constructor: Adding container  TrackerHitsTIBLowTof ,productID  23 
        for pileup treatment  16-Mar-2006 16:44:26 CET pre-events
%MSG-i Constructor: Adding container  TrackerHitsTIDLowTof ,productID  25 
        for pileup treatment  16-Mar-2006 16:44:26 CET pre-events
%MSG-i Constructor: Adding container  TrackerHitsTOBLowTof ,productID  27 
        for pileup treatment  16-Mar-2006 16:44:26 CET pre-events
%MSG-i FwkJob: WRITE_CATALOG:  file:PoolFileCatalog.xml  
       16-Mar-2006 16:44:26 CET pre-events
%MSG-i FwkJob: Output file is about to be opened.  16-Mar-2006 16:44:26 CET 
       pre-events
%MSG-i FwkJob: PFN:  file:Cum_2.root  16-Mar-2006 16:44:26 CET pre-events
file:Cum_2.root   Always Root file version:50800
%MSG-i FwkJob: Output file opened successfully.  16-Mar-2006 16:44:27 CET 
       pre-events
creating histos 2 ...
%MSG-i FwkJob: READ_CATALOG:  file:PoolFileCatalog.xml  
       16-Mar-2006 16:44:32 CET pre-events
%MSG-i FwkJob: Input file is about to be opened.  16-Mar-2006 16:44:33 CET 
       pre-events
%MSG-i FwkJob: PFN:  file:Cum_2.root  16-Mar-2006 16:44:33 CET pre-events
file:Cum_2.root   Always Root file version:50800
%MSG-i FwkJob: Input file opened successfully.  16-Mar-2006 16:44:36 CET 
       pre-events
Constructed testSuite , bunchcr 2 filename: histos.root
[OVAL] Mean of track pileup histo (bcrossings) 0
[OVAL] Mean of track signal histo (bcrossings) 2
[OVAL] Mean of track pileup histo (vtx indices) 50
[OVAL] Mean of track signal histo (vtx indices) 50
[OVAL] Mean of vertex pileup histo (bcrossings) 0
[OVAL] Mean of vertex signal histo (bcrossings) 2
[OVAL] Mean of vertex pileup histo (track indices) 41
[OVAL] Mean of vertex signal histo (track indices) 41
[OVAL] Mean of tracker pileup histo (ToF) 29.1149
[OVAL] Mean of tracker signal histo (ToF) 0
 No signal for subdetector EcalHitsEB
[OVAL] Mean of Ecal pileup histo (ToF) 0, sigma: 0
[OVAL] Mean of Ecal signal histo (ToF) 0, sigma: 0
[OVAL] Mean of Hcal pileup histo (ToF) 37.5155, sigma: 1.39875
[OVAL] Mean of Hcal signal histo (ToF) 87.5155, sigma: 1.39875

===================> preparing for 3
executing MixingModule 3....
%MSG-i FwkJob: READ_CATALOG:  file:PoolFileCatalog.xml  
       16-Mar-2006 16:44:43 CET pre-events
%MSG-i FwkJob: Input file is about to be opened.  16-Mar-2006 16:44:44 CET 
       pre-events
%MSG-i FwkJob: PFN:  file:data/simevent.root  16-Mar-2006 16:44:44 CET 
       pre-events
file:data/simevent.root   Always Root file version:50800
file:data/simevent.root   Always Root file version:50800
%MSG-i FwkJob: Input file opened successfully.  16-Mar-2006 16:44:47 CET 
       pre-events
%MSG-i FwkJob: READ_CATALOG:  file:PoolFileCatalog.xml  
       16-Mar-2006 16:44:48 CET pre-events
%MSG-i FwkJob: Input file is about to be opened.  16-Mar-2006 16:44:48 CET 
       pre-events
%MSG-i FwkJob: PFN:  file:data/simevent.root  16-Mar-2006 16:44:48 CET 
       pre-events
%MSG-i FwkJob: Input file opened successfully.  16-Mar-2006 16:44:48 CET 
       pre-events
%MSG-i Constructor: Adding calo container  CaloHitsTk  for pileup treatment  
       16-Mar-2006 16:44:48 CET pre-events
%MSG-i Constructor: Adding calo container  CastorBU  for pileup treatment  
       16-Mar-2006 16:44:48 CET pre-events
%MSG-i Constructor: Adding calo container  CastorFI  for pileup treatment  
       16-Mar-2006 16:44:48 CET pre-events
%MSG-i Constructor: Adding calo container  CastorPL  for pileup treatment  
       16-Mar-2006 16:44:49 CET pre-events
%MSG-i Constructor: Adding calo container  CastorTU  for pileup treatment  
       16-Mar-2006 16:44:49 CET pre-events
%MSG-i Constructor: Adding calo container  EcalHitsEB  for pileup treatment  
       16-Mar-2006 16:44:49 CET pre-events
%MSG-i Constructor: Adding calo container  EcalHitsEE  for pileup treatment  
       16-Mar-2006 16:44:49 CET pre-events
%MSG-i Constructor: Adding calo container  EcalHitsES  for pileup treatment  
       16-Mar-2006 16:44:49 CET pre-events
%MSG-i Constructor: Adding calo container  HcalHits  for pileup treatment  
       16-Mar-2006 16:44:49 CET pre-events
%MSG-i Constructor: Adding simhit container  MuonCSCHits ,productID   13 
        for pileup treatment  16-Mar-2006 16:44:49 CET pre-events
%MSG-i Constructor: Adding simhit container  MuonDTHits ,productID   14 
        for pileup treatment  16-Mar-2006 16:44:49 CET pre-events
%MSG-i Constructor: Adding simhit container  MuonRPCHits ,productID   15 
        for pileup treatment  16-Mar-2006 16:44:49 CET pre-events
%MSG-i Constructor: Adding container  TrackerHitsPixelBarrelLowTof ,productID  
       17  for pileup treatment  16-Mar-2006 16:44:49 CET pre-events
%MSG-i Constructor: Adding container  TrackerHitsPixelEndcapLowTof ,productID  
       19  for pileup treatment  16-Mar-2006 16:44:49 CET pre-events
%MSG-i Constructor: Adding container  TrackerHitsTECLowTof ,productID  21 
        for pileup treatment  16-Mar-2006 16:44:49 CET pre-events
%MSG-i Constructor: Adding container  TrackerHitsTIBLowTof ,productID  23 
        for pileup treatment  16-Mar-2006 16:44:49 CET pre-events
%MSG-i Constructor: Adding container  TrackerHitsTIDLowTof ,productID  25 
        for pileup treatment  16-Mar-2006 16:44:49 CET pre-events
%MSG-i Constructor: Adding container  TrackerHitsTOBLowTof ,productID  27 
        for pileup treatment  16-Mar-2006 16:44:49 CET pre-events
%MSG-i FwkJob: WRITE_CATALOG:  file:PoolFileCatalog.xml  
       16-Mar-2006 16:44:49 CET pre-events
%MSG-i FwkJob: Output file is about to be opened.  16-Mar-2006 16:44:49 CET 
       pre-events
%MSG-i FwkJob: PFN:  file:Cum_3.root  16-Mar-2006 16:44:49 CET pre-events
file:Cum_3.root   Always Root file version:50800
%MSG-i FwkJob: Output file opened successfully.  16-Mar-2006 16:44:49 CET 
       pre-events
creating histos 3 ...
%MSG-i FwkJob: READ_CATALOG:  file:PoolFileCatalog.xml  
       16-Mar-2006 16:44:54 CET pre-events
%MSG-i FwkJob: Input file is about to be opened.  16-Mar-2006 16:44:56 CET 
       pre-events
%MSG-i FwkJob: PFN:  file:Cum_3.root  16-Mar-2006 16:44:56 CET pre-events
file:Cum_3.root   Always Root file version:50800
%MSG-i FwkJob: Input file opened successfully.  16-Mar-2006 16:44:59 CET 
       pre-events
Constructed testSuite , bunchcr 3 filename: histos.root
[OVAL] Mean of track pileup histo (bcrossings) 0
[OVAL] Mean of track signal histo (bcrossings) 3
[OVAL] Mean of track pileup histo (vtx indices) 50
[OVAL] Mean of track signal histo (vtx indices) 50
[OVAL] Mean of vertex pileup histo (bcrossings) 0
[OVAL] Mean of vertex signal histo (bcrossings) 3
[OVAL] Mean of vertex pileup histo (track indices) 41
[OVAL] Mean of vertex signal histo (track indices) 41
[OVAL] Mean of tracker pileup histo (ToF) 29.1149
[OVAL] Mean of tracker signal histo (ToF) 0
 No signal for subdetector EcalHitsEB
[OVAL] Mean of Ecal pileup histo (ToF) 0, sigma: 0
[OVAL] Mean of Ecal signal histo (ToF) 0, sigma: 0
[OVAL] Mean of Hcal pileup histo (ToF) 37.5155, sigma: 1.39875
[OVAL] Mean of Hcal signal histo (ToF) 112.516, sigma: 1.39875
167.020u 10.680s 3:22.34 87.8%	0+0k 0+0io 143141pf+0w

[oval run] ==========================================
[oval run] result: OK
[oval run] ==========================================

[oval diff] ================================================
[oval diff] diff line: /^\[OVAL\](.*)$/
[oval diff] ================================================

=== log #94 != ref #71
log: [OVAL] Mean of Ecal pileup histo (ToF) 0, sigma: 0
log: [OVAL] Mean of Ecal signal histo (ToF) 0, sigma: 0
log: [OVAL] Mean of Hcal pileup histo (ToF) 37.5155, sigma: 1.39875
log: [OVAL] Mean of Hcal signal histo (ToF) -87.4845, sigma: 1.39875
---
ref: [OVAL] Mean of Ecal pileup histo (ToF) 0
ref: [OVAL] Mean of Ecal signal histo (ToF) 0
ref: [OVAL] Mean of Hcal pileup histo (ToF) 37.5155
ref: [OVAL] Mean of Hcal signal histo (ToF) -87.4845
=== log #184 != ref #138
log: [OVAL] Mean of Ecal pileup histo (ToF) 0, sigma: 0
log: [OVAL] Mean of Ecal signal histo (ToF) 0, sigma: 0
log: [OVAL] Mean of Hcal pileup histo (ToF) 37.5155, sigma: 1.39875
log: [OVAL] Mean of Hcal signal histo (ToF) -62.4845, sigma: 1.39875
---
ref: [OVAL] Mean of Ecal pileup histo (ToF) 0
ref: [OVAL] Mean of Ecal signal histo (ToF) 0
ref: [OVAL] Mean of Hcal pileup histo (ToF) 37.5155
ref: [OVAL] Mean of Hcal signal histo (ToF) -62.4845
=== log #274 != ref #205
log: [OVAL] Mean of Ecal pileup histo (ToF) 0, sigma: 0
log: [OVAL] Mean of Ecal signal histo (ToF) 0, sigma: 0
log: [OVAL] Mean of Hcal pileup histo (ToF) 37.5155, sigma: 1.39875
log: [OVAL] Mean of Hcal signal histo (ToF) -37.4845, sigma: 1.39875
---
ref: [OVAL] Mean of Ecal pileup histo (ToF) 0
ref: [OVAL] Mean of Ecal signal histo (ToF) 0
ref: [OVAL] Mean of Hcal pileup histo (ToF) 37.5155
ref: [OVAL] Mean of Hcal signal histo (ToF) -37.4845
=== log #364 != ref #272
log: [OVAL] Mean of Ecal pileup histo (ToF) 0, sigma: 0
log: [OVAL] Mean of Ecal signal histo (ToF) 0, sigma: 0
log: [OVAL] Mean of Hcal pileup histo (ToF) 37.5155, sigma: 1.39875
log: [OVAL] Mean of Hcal signal histo (ToF) -12.4845, sigma: 1.39875
---
ref: [OVAL] Mean of Ecal pileup histo (ToF) 0
ref: [OVAL] Mean of Ecal signal histo (ToF) 0
ref: [OVAL] Mean of Hcal pileup histo (ToF) 37.5155
ref: [OVAL] Mean of Hcal signal histo (ToF) -12.4845
=== log #454 != ref #339
log: [OVAL] Mean of Ecal pileup histo (ToF) 0, sigma: 0
log: [OVAL] Mean of Ecal signal histo (ToF) 0, sigma: 0
log: [OVAL] Mean of Hcal pileup histo (ToF) 37.5155, sigma: 1.39875
log: [OVAL] Mean of Hcal signal histo (ToF) 12.5155, sigma: 1.39875
---
ref: [OVAL] Mean of Ecal pileup histo (ToF) 0
ref: [OVAL] Mean of Ecal signal histo (ToF) 0
ref: [OVAL] Mean of Hcal pileup histo (ToF) 37.5155
ref: [OVAL] Mean of Hcal signal histo (ToF) 12.5155
=== log #544 != ref #406
log: [OVAL] Mean of Ecal pileup histo (ToF) 0, sigma: 0
log: [OVAL] Mean of Ecal signal histo (ToF) 0, sigma: 0
log: [OVAL] Mean of Hcal pileup histo (ToF) 37.5155, sigma: 1.39875
log: [OVAL] Mean of Hcal signal histo (ToF) 37.5155, sigma: 1.39875
---
ref: [OVAL] Mean of Ecal pileup histo (ToF) 0
ref: [OVAL] Mean of Ecal signal histo (ToF) 0
ref: [OVAL] Mean of Hcal pileup histo (ToF) 37.5155
ref: [OVAL] Mean of Hcal signal histo (ToF) 37.5155
=== log #634 != ref #473
log: [OVAL] Mean of Ecal pileup histo (ToF) 0, sigma: 0
log: [OVAL] Mean of Ecal signal histo (ToF) 0, sigma: 0
log: [OVAL] Mean of Hcal pileup histo (ToF) 37.5155, sigma: 1.39875
log: [OVAL] Mean of Hcal signal histo (ToF) 62.5155, sigma: 1.39875
---
ref: [OVAL] Mean of Ecal pileup histo (ToF) 0
ref: [OVAL] Mean of Ecal signal histo (ToF) 0
ref: [OVAL] Mean of Hcal pileup histo (ToF) 37.5155
ref: [OVAL] Mean of Hcal signal histo (ToF) 62.5155
=== log #724 != ref #540
log: [OVAL] Mean of Ecal pileup histo (ToF) 0, sigma: 0
log: [OVAL] Mean of Ecal signal histo (ToF) 0, sigma: 0
log: [OVAL] Mean of Hcal pileup histo (ToF) 37.5155, sigma: 1.39875
log: [OVAL] Mean of Hcal signal histo (ToF) 87.5155, sigma: 1.39875
---
ref: [OVAL] Mean of Ecal pileup histo (ToF) 0
ref: [OVAL] Mean of Ecal signal histo (ToF) 0
ref: [OVAL] Mean of Hcal pileup histo (ToF) 37.5155
ref: [OVAL] Mean of Hcal signal histo (ToF) 87.5155
=== log #814 != ref #607
log: [OVAL] Mean of Ecal pileup histo (ToF) 0, sigma: 0
log: [OVAL] Mean of Ecal signal histo (ToF) 0, sigma: 0
log: [OVAL] Mean of Hcal pileup histo (ToF) 37.5155, sigma: 1.39875
log: [OVAL] Mean of Hcal signal histo (ToF) 112.516, sigma: 1.39875
---
ref: [OVAL] Mean of Ecal pileup histo (ToF) 0
ref: [OVAL] Mean of Ecal signal histo (ToF) 0
ref: [OVAL] Mean of Hcal pileup histo (ToF) 37.5155
ref: [OVAL] Mean of Hcal signal histo (ToF) 112.516

[oval diff] =========================================
[oval diff] result: DIFFS
[oval diff] =========================================

